---
source: crates/rfluence-convert/tests/upload.rs
expression: "format!(\"{json}\\n\\ndiagnostics: {:#?}\", upload.diagnostics)"
---
{
  "type": "doc",
  "content": [
    {
      "type": "heading",
      "attrs": {
        "level": 1
      },
      "content": [
        {
          "type": "text",
          "text": "Edge Cases"
        }
      ]
    },
    {
      "type": "paragraph",
      "content": [
        {
          "type": "text",
          "text": "Markdown variants an LLM or human might write that normalize to one canonical form."
        }
      ]
    },
    {
      "type": "heading",
      "attrs": {
        "level": 2
      },
      "content": [
        {
          "type": "text",
          "text": "Setext subheading"
        }
      ]
    },
    {
      "type": "paragraph",
      "content": [
        {
          "type": "text",
          "text": "Emphasis with "
        },
        {
          "type": "text",
          "marks": [
            {
              "type": "em"
            }
          ],
          "text": "underscores"
        },
        {
          "type": "text",
          "text": " and "
        },
        {
          "type": "text",
          "marks": [
            {
              "type": "strong"
            }
          ],
          "text": "double underscores"
        },
        {
          "type": "text",
          "text": ", "
        },
        {
          "type": "text",
          "marks": [
            {
              "type": "em"
            }
          ],
          "text": "stars"
        },
        {
          "type": "text",
          "text": " and "
        },
        {
          "type": "text",
          "marks": [
            {
              "type": "strong"
            }
          ],
          "text": "double stars"
        },
        {
          "type": "text",
          "text": ", and "
        },
        {
          "type": "text",
          "marks": [
            {
              "type": "strike"
            }
          ],
          "text": "strikethrough"
        },
        {
          "type": "text",
          "text": "."
        }
      ]
    },
    {
      "type": "paragraph",
      "content": [
        {
          "type": "text",
          "text": "Line with a hard break using two spaces"
        },
        {
          "type": "hardBreak"
        },
        {
          "type": "text",
          "text": "and one using a backslash"
        },
        {
          "type": "hardBreak"
        },
        {
          "type": "text",
          "text": "and a soft wrap."
        }
      ]
    },
    {
      "type": "bulletList",
      "content": [
        {
          "type": "listItem",
          "content": [
            {
              "type": "paragraph",
              "content": [
                {
                  "type": "text",
                  "text": "plus list"
                }
              ]
            }
          ]
        },
        {
          "type": "listItem",
          "content": [
            {
              "type": "paragraph",
              "content": [
                {
                  "type": "text",
                  "text": "second item"
                }
              ]
            }
          ]
        }
      ]
    },
    {
      "type": "orderedList",
      "attrs": {
        "order": 3
      },
      "content": [
        {
          "type": "listItem",
          "content": [
            {
              "type": "paragraph",
              "content": [
                {
                  "type": "text",
                  "text": "ordered list starting at three"
                }
              ]
            }
          ]
        },
        {
          "type": "listItem",
          "content": [
            {
              "type": "paragraph",
              "content": [
                {
                  "type": "text",
                  "text": "next"
                }
              ]
            }
          ]
        }
      ]
    },
    {
      "type": "orderedList",
      "attrs": {
        "order": 7
      },
      "content": [
        {
          "type": "listItem",
          "content": [
            {
              "type": "paragraph",
              "content": [
                {
                  "type": "text",
                  "text": "ordered list with a paren"
                }
              ]
            }
          ]
        },
        {
          "type": "listItem",
          "content": [
            {
              "type": "paragraph",
              "content": [
                {
                  "type": "text",
                  "text": "next"
                }
              ]
            }
          ]
        }
      ]
    },
    {
      "type": "bulletList",
      "content": [
        {
          "type": "listItem",
          "content": [
            {
              "type": "paragraph",
              "content": [
                {
                  "type": "text",
                  "text": "loose list item"
                }
              ]
            }
          ]
        },
        {
          "type": "listItem",
          "content": [
            {
              "type": "paragraph",
              "content": [
                {
                  "type": "text",
                  "text": "with blank lines between"
                }
              ]
            }
          ]
        },
        {
          "type": "listItem",
          "content": [
            {
              "type": "paragraph",
              "content": [
                {
                  "type": "text",
                  "text": "items"
                }
              ]
            }
          ]
        }
      ]
    },
    {
      "type": "codeBlock",
      "attrs": {
        "language": "python"
      },
      "content": [
        {
          "type": "text",
          "text": "# tilde fence\nprint(\"```\")"
        }
      ]
    },
    {
      "type": "codeBlock",
      "attrs": {
        "language": "markdown"
      },
      "content": [
        {
          "type": "text",
          "text": "```js\n// fence containing a fence\n```"
        }
      ]
    },
    {
      "type": "codeBlock",
      "content": [
        {
          "type": "text",
          "text": "indented code block\nsecond line"
        }
      ]
    },
    {
      "type": "codeBlock",
      "content": [
        {
          "type": "text",
          "text": "fence with no language"
        }
      ]
    },
    {
      "type": "codeBlock",
      "attrs": {
        "language": "plaintext"
      },
      "content": [
        {
          "type": "text",
          "text": "trailing spaces inside code are content   \n    \nthe line above is only spaces"
        }
      ]
    },
    {
      "type": "status",
      "attrs": {
        "color": "blue",
        "text": "IN PROGRESS"
      }
    },
    {
      "type": "paragraph",
      "content": [
        {
          "type": "text",
          "text": "Entities: © & <tag> "
        },
        {
          "type": "emoji",
          "attrs": {
            "id": "1f600",
            "shortName": ":grinning:",
            "text": "😀"
          }
        },
        {
          "type": "text",
          "text": " and escapes: *not emphasis*, 1. not a list, # not a heading."
        }
      ]
    },
    {
      "type": "paragraph",
      "content": [
        {
          "type": "text",
          "text": "Inline code with backticks: "
        },
        {
          "type": "text",
          "marks": [
            {
              "type": "code"
            }
          ],
          "text": "`code`"
        },
        {
          "type": "text",
          "text": " and a pipe outside a table: a | b."
        }
      ]
    },
    {
      "type": "rule"
    },
    {
      "type": "paragraph",
      "content": [
        {
          "type": "text",
          "text": "Trailing text after a thematic break."
        }
      ]
    },
    {
      "type": "panel",
      "attrs": {
        "panelType": "info"
      },
      "content": [
        {
          "type": "paragraph",
          "content": [
            {
              "type": "text",
              "text": "An alert with a list followed by code:"
            }
          ]
        },
        {
          "type": "bulletList",
          "content": [
            {
              "type": "listItem",
              "content": [
                {
                  "type": "paragraph",
                  "content": [
                    {
                      "type": "text",
                      "text": "one"
                    }
                  ]
                }
              ]
            },
            {
              "type": "listItem",
              "content": [
                {
                  "type": "paragraph",
                  "content": [
                    {
                      "type": "text",
                      "text": "two"
                    }
                  ]
                }
              ]
            }
          ]
        },
        {
          "type": "codeBlock",
          "attrs": {
            "language": "shell"
          },
          "content": [
            {
              "type": "text",
              "text": "echo hi"
            }
          ]
        }
      ]
    },
    {
      "type": "table",
      "content": [
        {
          "type": "tableRow",
          "content": [
            {
              "type": "tableHeader",
              "content": [
                {
                  "type": "paragraph",
                  "content": [
                    {
                      "type": "text",
                      "text": "Step"
                    }
                  ]
                }
              ]
            },
            {
              "type": "tableHeader",
              "content": [
                {
                  "type": "paragraph",
                  "content": [
                    {
                      "type": "text",
                      "text": "Notes"
                    }
                  ]
                }
              ]
            }
          ]
        },
        {
          "type": "tableRow",
          "content": [
            {
              "type": "tableCell",
              "content": [
                {
                  "type": "paragraph",
                  "content": [
                    {
                      "type": "text",
                      "text": "Deploy"
                    }
                  ]
                }
              ]
            },
            {
              "type": "tableCell",
              "content": [
                {
                  "type": "paragraph",
                  "content": [
                    {
                      "type": "text",
                      "text": "Run the pipeline"
                    },
                    {
                      "type": "hardBreak"
                    },
                    {
                      "type": "text",
                      "text": "then check the dashboard"
                    }
                  ]
                }
              ]
            }
          ]
        }
      ]
    }
  ],
  "version": 1
}

diagnostics: []
