---
source: crates/rfluence-convert/tests/upload.rs
expression: "format!(\"{json}\\n\\ndiagnostics: {:#?}\", upload.diagnostics)"
---
{
  "type": "doc",
  "content": [
    {
      "type": "heading",
      "attrs": {
        "level": 1
      },
      "content": [
        {
          "type": "text",
          "text": "Layouts"
        }
      ]
    },
    {
      "type": "paragraph",
      "content": [
        {
          "type": "text",
          "text": "A page section in two columns, as the Confluence editor makes them."
        }
      ]
    },
    {
      "type": "layoutSection",
      "content": [
        {
          "type": "layoutColumn",
          "attrs": {
            "width": 50.0
          },
          "content": [
            {
              "type": "heading",
              "attrs": {
                "level": 2
              },
              "content": [
                {
                  "type": "text",
                  "text": "Overview"
                }
              ]
            },
            {
              "type": "paragraph",
              "content": [
                {
                  "type": "text",
                  "text": "The ingestion service receives events and writes them to the "
                },
                {
                  "type": "text",
                  "marks": [
                    {
                      "type": "strong"
                    }
                  ],
                  "text": "event store"
                },
                {
                  "type": "text",
                  "text": "."
                }
              ]
            },
            {
              "type": "bulletList",
              "content": [
                {
                  "type": "listItem",
                  "content": [
                    {
                      "type": "paragraph",
                      "content": [
                        {
                          "type": "text",
                          "text": "At-least-once delivery"
                        }
                      ]
                    }
                  ]
                },
                {
                  "type": "listItem",
                  "content": [
                    {
                      "type": "paragraph",
                      "content": [
                        {
                          "type": "text",
                          "text": "Horizontal scaling"
                        }
                      ]
                    }
                  ]
                }
              ]
            }
          ]
        },
        {
          "type": "layoutColumn",
          "attrs": {
            "width": 50.0
          },
          "content": [
            {
              "type": "heading",
              "attrs": {
                "level": 2
              },
              "content": [
                {
                  "type": "text",
                  "text": "Status"
                }
              ]
            },
            {
              "type": "table",
              "content": [
                {
                  "type": "tableRow",
                  "content": [
                    {
                      "type": "tableHeader",
                      "content": [
                        {
                          "type": "paragraph",
                          "content": [
                            {
                              "type": "text",
                              "text": "Component"
                            }
                          ]
                        }
                      ]
                    },
                    {
                      "type": "tableHeader",
                      "content": [
                        {
                          "type": "paragraph",
                          "content": [
                            {
                              "type": "text",
                              "text": "State"
                            }
                          ]
                        }
                      ]
                    }
                  ]
                },
                {
                  "type": "tableRow",
                  "content": [
                    {
                      "type": "tableCell",
                      "content": [
                        {
                          "type": "paragraph",
                          "content": [
                            {
                              "type": "text",
                              "text": "Gateway"
                            }
                          ]
                        }
                      ]
                    },
                    {
                      "type": "tableCell",
                      "content": [
                        {
                          "type": "paragraph",
                          "content": [
                            {
                              "type": "text",
                              "text": "Live"
                            }
                          ]
                        }
                      ]
                    }
                  ]
                },
                {
                  "type": "tableRow",
                  "content": [
                    {
                      "type": "tableCell",
                      "content": [
                        {
                          "type": "paragraph",
                          "content": [
                            {
                              "type": "text",
                              "text": "Workers"
                            }
                          ]
                        }
                      ]
                    },
                    {
                      "type": "tableCell",
                      "content": [
                        {
                          "type": "paragraph",
                          "content": [
                            {
                              "type": "text",
                              "text": "Beta"
                            }
                          ]
                        }
                      ]
                    }
                  ]
                }
              ]
            }
          ]
        }
      ]
    },
    {
      "type": "paragraph",
      "content": [
        {
          "type": "text",
          "text": "Three columns, full width, with an image, a code block and an expand:"
        }
      ]
    },
    {
      "type": "layoutSection",
      "content": [
        {
          "type": "layoutColumn",
          "attrs": {
            "width": 33.33
          },
          "content": [
            {
              "type": "mediaSingle",
              "content": [
                {
                  "type": "media",
                  "attrs": {
                    "alt": "Status icon",
                    "collection": "contentId-1",
                    "id": "file:layouts.assets/icon.png",
                    "type": "file"
                  }
                }
              ]
            }
          ]
        },
        {
          "type": "layoutColumn",
          "attrs": {
            "width": 33.33
          },
          "content": [
            {
              "type": "codeBlock",
              "attrs": {
                "language": "shell"
              },
              "content": [
                {
                  "type": "text",
                  "text": "rfluence fetch 123456"
                }
              ]
            }
          ]
        },
        {
          "type": "layoutColumn",
          "attrs": {
            "width": 33.34
          },
          "content": [
            {
              "type": "expand",
              "attrs": {
                "title": "More detail"
              },
              "content": [
                {
                  "type": "paragraph",
                  "content": [
                    {
                      "type": "text",
                      "text": "Hidden until expanded."
                    }
                  ]
                }
              ]
            }
          ]
        }
      ],
      "marks": [
        {
          "type": "breakout",
          "attrs": {
            "mode": "full-width"
          }
        }
      ]
    },
    {
      "type": "paragraph",
      "content": [
        {
          "type": "text",
          "text": "A table with its own "
        },
        {
          "type": "text",
          "marks": [
            {
              "type": "code"
            }
          ],
          "text": "layout="
        },
        {
          "type": "text",
          "text": " setting is not a column layout:"
        }
      ]
    },
    {
      "type": "table",
      "attrs": {
        "layout": "wide"
      },
      "content": [
        {
          "type": "tableRow",
          "content": [
            {
              "type": "tableHeader",
              "content": [
                {
                  "type": "paragraph",
                  "content": [
                    {
                      "type": "text",
                      "text": "A"
                    }
                  ]
                }
              ]
            },
            {
              "type": "tableHeader",
              "content": [
                {
                  "type": "paragraph",
                  "content": [
                    {
                      "type": "text",
                      "text": "B"
                    }
                  ]
                }
              ]
            }
          ]
        },
        {
          "type": "tableRow",
          "content": [
            {
              "type": "tableCell",
              "content": [
                {
                  "type": "paragraph",
                  "content": [
                    {
                      "type": "text",
                      "text": "1"
                    }
                  ]
                }
              ]
            },
            {
              "type": "tableCell",
              "content": [
                {
                  "type": "paragraph",
                  "content": [
                    {
                      "type": "text",
                      "text": "2"
                    }
                  ]
                }
              ]
            }
          ]
        }
      ]
    },
    {
      "type": "paragraph",
      "content": [
        {
          "type": "text",
          "text": "Text after the layouts."
        }
      ]
    }
  ],
  "version": 1
}

diagnostics: []
