---
source: crates/rfluence-convert/tests/upload.rs
expression: "format!(\"{json}\\n\\ndiagnostics: {:#?}\", upload.diagnostics)"
---
{
  "type": "doc",
  "content": [
    {
      "type": "heading",
      "attrs": {
        "level": 1
      },
      "content": [
        {
          "type": "text",
          "text": "Images and links"
        }
      ]
    },
    {
      "type": "heading",
      "attrs": {
        "level": 2
      },
      "content": [
        {
          "type": "text",
          "text": "Images"
        }
      ]
    },
    {
      "type": "paragraph",
      "content": [
        {
          "type": "text",
          "text": "A default image, left-aligned at natural width, with no settings comment:"
        }
      ]
    },
    {
      "type": "mediaSingle",
      "content": [
        {
          "type": "media",
          "attrs": {
            "alt": "architecture",
            "collection": "contentId-1",
            "id": "file:images-and-links.assets/architecture.png",
            "type": "file"
          }
        }
      ]
    },
    {
      "type": "paragraph",
      "content": [
        {
          "type": "text",
          "text": "An image with non-default settings:"
        }
      ]
    },
    {
      "type": "mediaSingle",
      "attrs": {
        "layout": "center",
        "width": 1070.0,
        "widthType": "pixel"
      },
      "content": [
        {
          "type": "media",
          "attrs": {
            "alt": "roadmap",
            "collection": "contentId-1",
            "id": "file:images-and-links.assets/roadmap.svg",
            "type": "file"
          }
        }
      ]
    },
    {
      "type": "paragraph",
      "content": [
        {
          "type": "text",
          "text": "An image with alt text:"
        }
      ]
    },
    {
      "type": "mediaSingle",
      "content": [
        {
          "type": "media",
          "attrs": {
            "alt": "Status icon",
            "collection": "contentId-1",
            "id": "file:images-and-links.assets/icon.png",
            "type": "file"
          }
        }
      ]
    },
    {
      "type": "paragraph",
      "content": [
        {
          "type": "text",
          "text": "An external image:"
        }
      ]
    },
    {
      "type": "mediaSingle",
      "content": [
        {
          "type": "media",
          "attrs": {
            "alt": "Rust logo",
            "type": "external",
            "url": "https://www.rust-lang.org/logos/rust-logo-512x512.png"
          }
        }
      ]
    },
    {
      "type": "heading",
      "attrs": {
        "level": 2
      },
      "content": [
        {
          "type": "text",
          "text": "Links"
        }
      ]
    },
    {
      "type": "bulletList",
      "content": [
        {
          "type": "listItem",
          "content": [
            {
              "type": "paragraph",
              "content": [
                {
                  "type": "text",
                  "text": "Text link to a page: "
                },
                {
                  "type": "text",
                  "marks": [
                    {
                      "type": "link",
                      "attrs": {
                        "href": "https://example.atlassian.net/wiki/spaces/ENG/pages/123000"
                      }
                    }
                  ],
                  "text": "Engineering home"
                }
              ]
            }
          ]
        },
        {
          "type": "listItem",
          "content": [
            {
              "type": "paragraph",
              "content": [
                {
                  "type": "text",
                  "text": "Relative markdown link: "
                },
                {
                  "type": "text",
                  "marks": [
                    {
                      "type": "link",
                      "attrs": {
                        "href": "./setup.md"
                      }
                    }
                  ],
                  "text": "setup guide"
                }
              ]
            }
          ]
        },
        {
          "type": "listItem",
          "content": [
            {
              "type": "paragraph",
              "content": [
                {
                  "type": "text",
                  "text": "Relative link with anchor: "
                },
                {
                  "type": "text",
                  "marks": [
                    {
                      "type": "link",
                      "attrs": {
                        "href": "./setup.md#install"
                      }
                    }
                  ],
                  "text": "install step"
                }
              ]
            }
          ]
        },
        {
          "type": "listItem",
          "content": [
            {
              "type": "paragraph",
              "content": [
                {
                  "type": "text",
                  "text": "Smart link (autolink): "
                },
                {
                  "type": "inlineCard",
                  "attrs": {
                    "url": "https://example.atlassian.net/wiki/spaces/ENG/pages/123456"
                  }
                }
              ]
            }
          ]
        },
        {
          "type": "listItem",
          "content": [
            {
              "type": "paragraph",
              "content": [
                {
                  "type": "text",
                  "text": "Bare URL (GFM autolink extension): "
                },
                {
                  "type": "inlineCard",
                  "attrs": {
                    "url": "https://example.com/docs"
                  }
                }
              ]
            }
          ]
        },
        {
          "type": "listItem",
          "content": [
            {
              "type": "paragraph",
              "content": [
                {
                  "type": "text",
                  "text": "Reference-style link: "
                },
                {
                  "type": "text",
                  "marks": [
                    {
                      "type": "link",
                      "attrs": {
                        "href": "https://example.com/spec",
                        "title": "Specification"
                      }
                    }
                  ],
                  "text": "the spec"
                }
              ]
            }
          ]
        }
      ]
    },
    {
      "type": "paragraph",
      "content": [
        {
          "type": "text",
          "text": "An embedded video:"
        }
      ]
    },
    {
      "type": "embedCard",
      "attrs": {
        "url": "https://www.youtube.com/watch?v=dQw4w9WgXcQ",
        "width": 100.0
      }
    },
    {
      "type": "heading",
      "attrs": {
        "level": 2
      },
      "content": [
        {
          "type": "text",
          "text": "Table settings"
        }
      ]
    },
    {
      "type": "table",
      "attrs": {
        "width": 1200.0
      },
      "content": [
        {
          "type": "tableRow",
          "content": [
            {
              "type": "tableHeader",
              "content": [
                {
                  "type": "paragraph",
                  "content": [
                    {
                      "type": "text",
                      "text": "Quarter"
                    }
                  ]
                }
              ]
            },
            {
              "type": "tableHeader",
              "content": [
                {
                  "type": "paragraph",
                  "content": [
                    {
                      "type": "text",
                      "text": "Revenue"
                    }
                  ]
                }
              ]
            }
          ]
        },
        {
          "type": "tableRow",
          "content": [
            {
              "type": "tableCell",
              "content": [
                {
                  "type": "paragraph",
                  "content": [
                    {
                      "type": "text",
                      "text": "Q1"
                    }
                  ]
                }
              ]
            },
            {
              "type": "tableCell",
              "content": [
                {
                  "type": "paragraph",
                  "content": [
                    {
                      "type": "text",
                      "text": "10"
                    }
                  ]
                }
              ]
            }
          ]
        },
        {
          "type": "tableRow",
          "content": [
            {
              "type": "tableCell",
              "content": [
                {
                  "type": "paragraph",
                  "content": [
                    {
                      "type": "text",
                      "text": "Q2"
                    }
                  ]
                }
              ]
            },
            {
              "type": "tableCell",
              "content": [
                {
                  "type": "paragraph",
                  "content": [
                    {
                      "type": "text",
                      "text": "12"
                    }
                  ]
                }
              ]
            }
          ]
        }
      ]
    },
    {
      "type": "paragraph",
      "content": [
        {
          "type": "text",
          "text": "Text after the table."
        }
      ]
    }
  ],
  "version": 1
}

diagnostics: []
