---
source: crates/rfluence-convert/tests/upload.rs
expression: "format!(\"{json}\\n\\ndiagnostics: {:#?}\", upload.diagnostics)"
---
{
  "type": "doc",
  "content": [
    {
      "type": "heading",
      "attrs": {
        "level": 1
      },
      "content": [
        {
          "type": "text",
          "text": "Ingestion Service Architecture"
        }
      ]
    },
    {
      "type": "heading",
      "attrs": {
        "level": 2
      },
      "content": [
        {
          "type": "text",
          "text": "Overview"
        }
      ]
    },
    {
      "type": "paragraph",
      "content": [
        {
          "type": "text",
          "text": "The ingestion service receives events from upstream producers, validates them, and writes them to the "
        },
        {
          "type": "text",
          "marks": [
            {
              "type": "strong"
            }
          ],
          "text": "event store"
        },
        {
          "type": "text",
          "text": ". It is designed for "
        },
        {
          "type": "text",
          "marks": [
            {
              "type": "em"
            }
          ],
          "text": "at-least-once"
        },
        {
          "type": "text",
          "text": " delivery and horizontal scaling."
        }
      ]
    },
    {
      "type": "panel",
      "attrs": {
        "panelType": "info"
      },
      "content": [
        {
          "type": "paragraph",
          "content": [
            {
              "type": "text",
              "text": "This document describes the target architecture for Q3. See "
            },
            {
              "type": "text",
              "marks": [
                {
                  "type": "link",
                  "attrs": {
                    "href": "./current-state.md"
                  }
                }
              ],
              "text": "the current state"
            },
            {
              "type": "text",
              "text": " for what is deployed today."
            }
          ]
        }
      ]
    },
    {
      "type": "heading",
      "attrs": {
        "level": 2
      },
      "content": [
        {
          "type": "text",
          "text": "Components"
        }
      ]
    },
    {
      "type": "extension",
      "attrs": {
        "extensionKey": "5321c3d1-955d-42ac-9f09-d4d6f0802224/04b85365-6260-47d9-9f03-8f42e258aab7/static/mermaid-diagram",
        "extensionType": "com.atlassian.ecosystem",
        "layout": "default",
        "parameters": {
          "extensionId": "ari:cloud:ecosystem::extension/5321c3d1-955d-42ac-9f09-d4d6f0802224/04b85365-6260-47d9-9f03-8f42e258aab7/static/mermaid-diagram",
          "extensionTitle": "Merfluence",
          "forgeEnvironment": "PRODUCTION",
          "guestParams": {
            "source": "flowchart TD\n    A[Producer] -->|HTTP POST| B(API Gateway)\n    B --> C{Valid?}\n    C -->|Yes| D[Queue]\n    C -->|No| E[Dead-letter queue]\n    D --> F[Worker pool]\n    F --> G[(Event store)]"
          },
          "layout": "extension"
        },
        "text": "Merfluence"
      }
    },
    {
      "type": "table",
      "content": [
        {
          "type": "tableRow",
          "content": [
            {
              "type": "tableHeader",
              "content": [
                {
                  "type": "paragraph",
                  "content": [
                    {
                      "type": "text",
                      "text": "Component"
                    }
                  ]
                }
              ]
            },
            {
              "type": "tableHeader",
              "content": [
                {
                  "type": "paragraph",
                  "content": [
                    {
                      "type": "text",
                      "text": "Responsibility"
                    }
                  ]
                }
              ]
            },
            {
              "type": "tableHeader",
              "content": [
                {
                  "type": "paragraph",
                  "content": [
                    {
                      "type": "text",
                      "text": "Owner"
                    }
                  ]
                }
              ]
            },
            {
              "type": "tableHeader",
              "content": [
                {
                  "type": "paragraph",
                  "content": [
                    {
                      "type": "text",
                      "text": "Language"
                    }
                  ],
                  "marks": [
                    {
                      "type": "alignment",
                      "attrs": {
                        "align": "center"
                      }
                    }
                  ]
                }
              ]
            }
          ]
        },
        {
          "type": "tableRow",
          "content": [
            {
              "type": "tableCell",
              "content": [
                {
                  "type": "paragraph",
                  "content": [
                    {
                      "type": "text",
                      "text": "API Gateway"
                    }
                  ]
                }
              ]
            },
            {
              "type": "tableCell",
              "content": [
                {
                  "type": "paragraph",
                  "content": [
                    {
                      "type": "text",
                      "text": "Auth, rate limiting"
                    }
                  ]
                }
              ]
            },
            {
              "type": "tableCell",
              "content": [
                {
                  "type": "paragraph",
                  "content": [
                    {
                      "type": "text",
                      "text": "Platform"
                    }
                  ]
                }
              ]
            },
            {
              "type": "tableCell",
              "content": [
                {
                  "type": "paragraph",
                  "content": [
                    {
                      "type": "text",
                      "text": "Go"
                    }
                  ],
                  "marks": [
                    {
                      "type": "alignment",
                      "attrs": {
                        "align": "center"
                      }
                    }
                  ]
                }
              ]
            }
          ]
        },
        {
          "type": "tableRow",
          "content": [
            {
              "type": "tableCell",
              "content": [
                {
                  "type": "paragraph",
                  "content": [
                    {
                      "type": "text",
                      "text": "Validator"
                    }
                  ]
                }
              ]
            },
            {
              "type": "tableCell",
              "content": [
                {
                  "type": "paragraph",
                  "content": [
                    {
                      "type": "text",
                      "text": "Schema checks using "
                    },
                    {
                      "type": "text",
                      "marks": [
                        {
                          "type": "code"
                        }
                      ],
                      "text": "jsonschema"
                    }
                  ]
                }
              ]
            },
            {
              "type": "tableCell",
              "content": [
                {
                  "type": "paragraph",
                  "content": [
                    {
                      "type": "text",
                      "text": "Ingestion"
                    }
                  ]
                }
              ]
            },
            {
              "type": "tableCell",
              "content": [
                {
                  "type": "paragraph",
                  "content": [
                    {
                      "type": "text",
                      "text": "Rust"
                    }
                  ],
                  "marks": [
                    {
                      "type": "alignment",
                      "attrs": {
                        "align": "center"
                      }
                    }
                  ]
                }
              ]
            }
          ]
        },
        {
          "type": "tableRow",
          "content": [
            {
              "type": "tableCell",
              "content": [
                {
                  "type": "paragraph",
                  "content": [
                    {
                      "type": "text",
                      "text": "Worker pool"
                    }
                  ]
                }
              ]
            },
            {
              "type": "tableCell",
              "content": [
                {
                  "type": "paragraph",
                  "content": [
                    {
                      "type": "text",
                      "text": "Batching and writes"
                    }
                  ]
                }
              ]
            },
            {
              "type": "tableCell",
              "content": [
                {
                  "type": "paragraph",
                  "content": [
                    {
                      "type": "text",
                      "text": "Ingestion"
                    }
                  ]
                }
              ]
            },
            {
              "type": "tableCell",
              "content": [
                {
                  "type": "paragraph",
                  "content": [
                    {
                      "type": "text",
                      "text": "Rust"
                    }
                  ],
                  "marks": [
                    {
                      "type": "alignment",
                      "attrs": {
                        "align": "center"
                      }
                    }
                  ]
                }
              ]
            }
          ]
        },
        {
          "type": "tableRow",
          "content": [
            {
              "type": "tableCell",
              "content": [
                {
                  "type": "paragraph",
                  "content": [
                    {
                      "type": "text",
                      "text": "Event store"
                    }
                  ]
                }
              ]
            },
            {
              "type": "tableCell",
              "content": [
                {
                  "type": "paragraph",
                  "content": [
                    {
                      "type": "text",
                      "text": "Durable storage"
                    }
                  ]
                }
              ]
            },
            {
              "type": "tableCell",
              "content": [
                {
                  "type": "paragraph",
                  "content": [
                    {
                      "type": "text",
                      "text": "Data"
                    }
                  ]
                }
              ]
            },
            {
              "type": "tableCell",
              "content": [
                {
                  "type": "paragraph",
                  "content": [
                    {
                      "type": "text",
                      "text": "—"
                    }
                  ],
                  "marks": [
                    {
                      "type": "alignment",
                      "attrs": {
                        "align": "center"
                      }
                    }
                  ]
                }
              ]
            }
          ]
        }
      ]
    },
    {
      "type": "heading",
      "attrs": {
        "level": 3
      },
      "content": [
        {
          "type": "text",
          "text": "Request flow"
        }
      ]
    },
    {
      "type": "orderedList",
      "content": [
        {
          "type": "listItem",
          "content": [
            {
              "type": "paragraph",
              "content": [
                {
                  "type": "text",
                  "text": "The producer sends a batch to "
                },
                {
                  "type": "text",
                  "marks": [
                    {
                      "type": "code"
                    }
                  ],
                  "text": "POST /v1/events"
                },
                {
                  "type": "text",
                  "text": "."
                }
              ]
            }
          ]
        },
        {
          "type": "listItem",
          "content": [
            {
              "type": "paragraph",
              "content": [
                {
                  "type": "text",
                  "text": "The gateway checks the API key and applies the rate limit:"
                }
              ]
            },
            {
              "type": "bulletList",
              "content": [
                {
                  "type": "listItem",
                  "content": [
                    {
                      "type": "paragraph",
                      "content": [
                        {
                          "type": "text",
                          "text": "1,000 requests/minute per key"
                        }
                      ]
                    }
                  ]
                },
                {
                  "type": "listItem",
                  "content": [
                    {
                      "type": "paragraph",
                      "content": [
                        {
                          "type": "text",
                          "text": "10 MB maximum body size"
                        }
                      ]
                    }
                  ]
                }
              ]
            }
          ]
        },
        {
          "type": "listItem",
          "content": [
            {
              "type": "paragraph",
              "content": [
                {
                  "type": "text",
                  "text": "The validator checks each event against its schema."
                }
              ]
            },
            {
              "type": "codeBlock",
              "attrs": {
                "language": "rust"
              },
              "content": [
                {
                  "type": "text",
                  "text": "pub fn validate(event: &Event, schema: &Schema) -> Result<(), ValidationError> {\n    schema.validate(&event.payload).map_err(ValidationError::from)\n}"
                }
              ]
            }
          ]
        },
        {
          "type": "listItem",
          "content": [
            {
              "type": "paragraph",
              "content": [
                {
                  "type": "text",
                  "text": "Valid events are enqueued; invalid ones go to the DLQ with the error attached."
                }
              ]
            }
          ]
        }
      ]
    },
    {
      "type": "panel",
      "attrs": {
        "panelType": "warning"
      },
      "content": [
        {
          "type": "paragraph",
          "content": [
            {
              "type": "text",
              "text": "Workers must be idempotent. The queue can redeliver a message after a worker crash, so the same event may be written twice."
            }
          ]
        }
      ]
    },
    {
      "type": "heading",
      "attrs": {
        "level": 2
      },
      "content": [
        {
          "type": "text",
          "text": "Configuration"
        }
      ]
    },
    {
      "type": "codeBlock",
      "attrs": {
        "language": "yaml"
      },
      "content": [
        {
          "type": "text",
          "text": "ingestion:\n  queue:\n    url: amqp://queue.internal:5672\n    prefetch: 100\n  workers: 8"
        }
      ]
    },
    {
      "type": "heading",
      "attrs": {
        "level": 2
      },
      "content": [
        {
          "type": "text",
          "text": "Sequence"
        }
      ]
    },
    {
      "type": "extension",
      "attrs": {
        "extensionKey": "5321c3d1-955d-42ac-9f09-d4d6f0802224/04b85365-6260-47d9-9f03-8f42e258aab7/static/mermaid-diagram",
        "extensionType": "com.atlassian.ecosystem",
        "layout": "default",
        "parameters": {
          "extensionId": "ari:cloud:ecosystem::extension/5321c3d1-955d-42ac-9f09-d4d6f0802224/04b85365-6260-47d9-9f03-8f42e258aab7/static/mermaid-diagram",
          "extensionTitle": "Merfluence",
          "forgeEnvironment": "PRODUCTION",
          "guestParams": {
            "source": "sequenceDiagram\n    participant P as Producer\n    participant G as Gateway\n    participant W as Worker\n    P->>G: POST /v1/events\n    G-->>P: 202 Accepted\n    G->>W: enqueue\n    W->>W: batch & write",
            "theme": "dark"
          },
          "layout": "extension"
        },
        "text": "Merfluence"
      }
    },
    {
      "type": "heading",
      "attrs": {
        "level": 2
      },
      "content": [
        {
          "type": "text",
          "text": "Open questions"
        }
      ]
    },
    {
      "type": "taskList",
      "attrs": {
        "localId": "000000000001"
      },
      "content": [
        {
          "type": "taskItem",
          "attrs": {
            "localId": "000000000002",
            "state": "TODO"
          },
          "content": [
            {
              "type": "text",
              "text": "Do we need exactly-once semantics for billing events?"
            }
          ]
        },
        {
          "type": "taskItem",
          "attrs": {
            "localId": "000000000003",
            "state": "DONE"
          },
          "content": [
            {
              "type": "text",
              "text": "Choose a queue technology (decided: RabbitMQ)"
            }
          ]
        },
        {
          "type": "taskItem",
          "attrs": {
            "localId": "000000000004",
            "state": "TODO"
          },
          "content": [
            {
              "type": "text",
              "text": "Define the retention policy for the DLQ"
            }
          ]
        }
      ]
    },
    {
      "type": "paragraph",
      "content": [
        {
          "type": "text",
          "text": "See also: "
        },
        {
          "type": "text",
          "marks": [
            {
              "type": "link",
              "attrs": {
                "href": "./deployment.md#rollout-strategy"
              }
            }
          ],
          "text": "Deployment"
        },
        {
          "type": "text",
          "text": ", "
        },
        {
          "type": "text",
          "marks": [
            {
              "type": "link",
              "attrs": {
                "href": "#Request-flow"
              }
            }
          ],
          "text": "Request flow"
        },
        {
          "type": "text",
          "text": ", and "
        },
        {
          "type": "inlineCard",
          "attrs": {
            "url": "https://example.atlassian.net/wiki/spaces/ENG/pages/123456"
          }
        },
        {
          "type": "text",
          "text": "."
        }
      ]
    }
  ],
  "version": 1
}

diagnostics: []
