---
source: crates/rfluence-convert/tests/upload.rs
expression: "format!(\"{json}\\n\\ndiagnostics: {:#?}\", upload.diagnostics)"
---
{
  "type": "doc",
  "content": [
    {
      "type": "heading",
      "attrs": {
        "level": 1
      },
      "content": [
        {
          "type": "text",
          "text": "Tables"
        }
      ]
    },
    {
      "type": "paragraph",
      "content": [
        {
          "type": "text",
          "text": "Tables GFM can express stay GFM tables. Anything else is an HTML table whose cells hold markdown (design.md, \"Element mapping\")."
        }
      ]
    },
    {
      "type": "heading",
      "attrs": {
        "level": 2
      },
      "content": [
        {
          "type": "text",
          "text": "GFM tables"
        }
      ]
    },
    {
      "type": "table",
      "content": [
        {
          "type": "tableRow",
          "content": [
            {
              "type": "tableHeader",
              "content": [
                {
                  "type": "paragraph",
                  "content": [
                    {
                      "type": "text",
                      "text": "Service"
                    }
                  ]
                }
              ]
            },
            {
              "type": "tableHeader",
              "content": [
                {
                  "type": "paragraph",
                  "content": [
                    {
                      "type": "text",
                      "text": "Owner"
                    }
                  ]
                }
              ]
            },
            {
              "type": "tableHeader",
              "content": [
                {
                  "type": "paragraph",
                  "content": [
                    {
                      "type": "text",
                      "text": "Status"
                    }
                  ],
                  "marks": [
                    {
                      "type": "alignment",
                      "attrs": {
                        "align": "center"
                      }
                    }
                  ]
                }
              ]
            }
          ]
        },
        {
          "type": "tableRow",
          "content": [
            {
              "type": "tableCell",
              "content": [
                {
                  "type": "paragraph",
                  "content": [
                    {
                      "type": "text",
                      "text": "Gateway"
                    }
                  ]
                }
              ]
            },
            {
              "type": "tableCell",
              "content": [
                {
                  "type": "paragraph",
                  "content": [
                    {
                      "type": "text",
                      "text": "Platform"
                    }
                  ]
                }
              ]
            },
            {
              "type": "tableCell",
              "content": [
                {
                  "type": "paragraph",
                  "content": [
                    {
                      "type": "text",
                      "text": "Live"
                    }
                  ],
                  "marks": [
                    {
                      "type": "alignment",
                      "attrs": {
                        "align": "center"
                      }
                    }
                  ]
                }
              ]
            }
          ]
        },
        {
          "type": "tableRow",
          "content": [
            {
              "type": "tableCell",
              "content": [
                {
                  "type": "paragraph",
                  "content": [
                    {
                      "type": "text",
                      "text": "Workers"
                    }
                  ]
                }
              ]
            },
            {
              "type": "tableCell",
              "content": [
                {
                  "type": "paragraph",
                  "content": [
                    {
                      "type": "text",
                      "text": "Ingestion"
                    }
                  ]
                }
              ]
            },
            {
              "type": "tableCell",
              "content": [
                {
                  "type": "paragraph",
                  "content": [
                    {
                      "type": "text",
                      "text": "Beta"
                    },
                    {
                      "type": "hardBreak"
                    },
                    {
                      "type": "text",
                      "text": "since March"
                    }
                  ],
                  "marks": [
                    {
                      "type": "alignment",
                      "attrs": {
                        "align": "center"
                      }
                    }
                  ]
                }
              ]
            }
          ]
        }
      ]
    },
    {
      "type": "heading",
      "attrs": {
        "level": 2
      },
      "content": [
        {
          "type": "text",
          "text": "Lists and code in cells"
        }
      ]
    },
    {
      "type": "table",
      "content": [
        {
          "type": "tableRow",
          "content": [
            {
              "type": "tableHeader",
              "content": [
                {
                  "type": "paragraph",
                  "content": [
                    {
                      "type": "text",
                      "text": "Step"
                    }
                  ]
                }
              ]
            },
            {
              "type": "tableHeader",
              "content": [
                {
                  "type": "paragraph",
                  "content": [
                    {
                      "type": "text",
                      "text": "Details"
                    }
                  ]
                }
              ]
            }
          ]
        },
        {
          "type": "tableRow",
          "content": [
            {
              "type": "tableCell",
              "content": [
                {
                  "type": "paragraph",
                  "content": [
                    {
                      "type": "text",
                      "text": "Deploy"
                    }
                  ]
                }
              ]
            },
            {
              "type": "tableCell",
              "content": [
                {
                  "type": "bulletList",
                  "content": [
                    {
                      "type": "listItem",
                      "content": [
                        {
                          "type": "paragraph",
                          "content": [
                            {
                              "type": "text",
                              "text": "Build the image"
                            }
                          ]
                        }
                      ]
                    },
                    {
                      "type": "listItem",
                      "content": [
                        {
                          "type": "paragraph",
                          "content": [
                            {
                              "type": "text",
                              "text": "Push it to the registry"
                            }
                          ]
                        }
                      ]
                    }
                  ]
                },
                {
                  "type": "codeBlock",
                  "attrs": {
                    "language": "shell"
                  },
                  "content": [
                    {
                      "type": "text",
                      "text": "make deploy ENV=staging"
                    }
                  ]
                }
              ]
            }
          ]
        }
      ]
    },
    {
      "type": "heading",
      "attrs": {
        "level": 2
      },
      "content": [
        {
          "type": "text",
          "text": "Merged and coloured cells"
        }
      ]
    },
    {
      "type": "table",
      "content": [
        {
          "type": "tableRow",
          "content": [
            {
              "type": "tableHeader",
              "attrs": {
                "colspan": 2
              },
              "content": [
                {
                  "type": "paragraph",
                  "content": [
                    {
                      "type": "text",
                      "text": "Q1 results"
                    }
                  ]
                }
              ]
            },
            {
              "type": "tableHeader",
              "content": [
                {
                  "type": "paragraph",
                  "content": [
                    {
                      "type": "text",
                      "text": "Notes"
                    }
                  ]
                }
              ]
            }
          ]
        },
        {
          "type": "tableRow",
          "content": [
            {
              "type": "tableCell",
              "attrs": {
                "rowspan": 2
              },
              "content": [
                {
                  "type": "paragraph",
                  "content": [
                    {
                      "type": "text",
                      "text": "Revenue"
                    }
                  ]
                }
              ]
            },
            {
              "type": "tableCell",
              "attrs": {
                "background": "#e3fcef"
              },
              "content": [
                {
                  "type": "paragraph",
                  "content": [
                    {
                      "type": "text",
                      "marks": [
                        {
                          "type": "strong"
                        }
                      ],
                      "text": "Up 12%"
                    }
                  ]
                }
              ]
            },
            {
              "type": "tableCell",
              "content": [
                {
                  "type": "paragraph",
                  "content": [
                    {
                      "type": "text",
                      "text": "Ahead of plan"
                    }
                  ]
                }
              ]
            }
          ]
        },
        {
          "type": "tableRow",
          "content": [
            {
              "type": "tableCell",
              "attrs": {
                "background": "#ffebe6"
              },
              "content": [
                {
                  "type": "paragraph",
                  "content": [
                    {
                      "type": "text",
                      "text": "Down in EMEA"
                    }
                  ]
                }
              ]
            },
            {
              "type": "tableCell",
              "content": [
                {
                  "type": "paragraph"
                }
              ]
            }
          ]
        }
      ]
    },
    {
      "type": "heading",
      "attrs": {
        "level": 2
      },
      "content": [
        {
          "type": "text",
          "text": "Header column, images and expands"
        }
      ]
    },
    {
      "type": "table",
      "attrs": {
        "isNumberColumnEnabled": true
      },
      "content": [
        {
          "type": "tableRow",
          "content": [
            {
              "type": "tableHeader",
              "attrs": {
                "colwidth": [
                  120.0
                ]
              },
              "content": [
                {
                  "type": "paragraph",
                  "content": [
                    {
                      "type": "text",
                      "text": "Icon"
                    }
                  ]
                }
              ]
            },
            {
              "type": "tableCell",
              "attrs": {
                "colwidth": [
                  600.0
                ]
              },
              "content": [
                {
                  "type": "mediaSingle",
                  "content": [
                    {
                      "type": "media",
                      "attrs": {
                        "alt": "Status icon",
                        "collection": "contentId-1",
                        "id": "file:tables.assets/icon.png",
                        "type": "file"
                      }
                    }
                  ]
                }
              ]
            }
          ]
        },
        {
          "type": "tableRow",
          "content": [
            {
              "type": "tableHeader",
              "attrs": {
                "colwidth": [
                  120.0
                ]
              },
              "content": [
                {
                  "type": "paragraph",
                  "content": [
                    {
                      "type": "text",
                      "text": "Runbook"
                    }
                  ]
                }
              ]
            },
            {
              "type": "tableCell",
              "attrs": {
                "colwidth": [
                  600.0
                ]
              },
              "content": [
                {
                  "type": "nestedExpand",
                  "attrs": {
                    "title": "Failover steps"
                  },
                  "content": [
                    {
                      "type": "orderedList",
                      "content": [
                        {
                          "type": "listItem",
                          "content": [
                            {
                              "type": "paragraph",
                              "content": [
                                {
                                  "type": "text",
                                  "text": "Promote the replica."
                                }
                              ]
                            }
                          ]
                        },
                        {
                          "type": "listItem",
                          "content": [
                            {
                              "type": "paragraph",
                              "content": [
                                {
                                  "type": "text",
                                  "text": "Update DNS."
                                }
                              ]
                            }
                          ]
                        }
                      ]
                    }
                  ]
                }
              ]
            }
          ]
        }
      ]
    },
    {
      "type": "heading",
      "attrs": {
        "level": 2
      },
      "content": [
        {
          "type": "text",
          "text": "An HTML table as LLMs write it"
        }
      ]
    },
    {
      "type": "table",
      "content": [
        {
          "type": "tableRow",
          "content": [
            {
              "type": "tableHeader",
              "content": [
                {
                  "type": "paragraph",
                  "content": [
                    {
                      "type": "text",
                      "text": "Option"
                    }
                  ]
                }
              ]
            },
            {
              "type": "tableHeader",
              "content": [
                {
                  "type": "paragraph",
                  "content": [
                    {
                      "type": "text",
                      "text": "Effect"
                    }
                  ]
                }
              ]
            }
          ]
        },
        {
          "type": "tableRow",
          "content": [
            {
              "type": "tableCell",
              "content": [
                {
                  "type": "paragraph",
                  "content": [
                    {
                      "type": "text",
                      "text": "force"
                    }
                  ]
                }
              ]
            },
            {
              "type": "tableCell",
              "content": [
                {
                  "type": "paragraph",
                  "content": [
                    {
                      "type": "text",
                      "text": "Overwrites remote changes"
                    }
                  ]
                }
              ]
            }
          ]
        },
        {
          "type": "tableRow",
          "content": [
            {
              "type": "tableCell",
              "content": [
                {
                  "type": "paragraph",
                  "content": [
                    {
                      "type": "text",
                      "text": "dry run"
                    }
                  ]
                }
              ]
            },
            {
              "type": "tableCell",
              "content": [
                {
                  "type": "bulletList",
                  "content": [
                    {
                      "type": "listItem",
                      "content": [
                        {
                          "type": "paragraph",
                          "content": [
                            {
                              "type": "text",
                              "text": "Prints the plan"
                            }
                          ]
                        }
                      ]
                    },
                    {
                      "type": "listItem",
                      "content": [
                        {
                          "type": "paragraph",
                          "content": [
                            {
                              "type": "text",
                              "text": "Changes nothing"
                            }
                          ]
                        }
                      ]
                    }
                  ]
                }
              ]
            }
          ]
        }
      ]
    },
    {
      "type": "paragraph",
      "content": [
        {
          "type": "text",
          "text": "Text after the tables."
        }
      ]
    }
  ],
  "version": 1
}

diagnostics: []
