---
source: crates/rfluence-convert/tests/upload.rs
expression: "format!(\"{json}\\n\\ndiagnostics: {:#?}\", upload.diagnostics)"
---
{
  "type": "doc",
  "content": [
    {
      "type": "heading",
      "attrs": {
        "level": 1
      },
      "content": [
        {
          "type": "text",
          "text": "Events API Reference"
        }
      ]
    },
    {
      "type": "heading",
      "attrs": {
        "level": 2
      },
      "content": [
        {
          "type": "text",
          "text": "Install & Setup (v2.0)"
        }
      ]
    },
    {
      "type": "paragraph",
      "content": [
        {
          "type": "text",
          "text": "Base URL: "
        },
        {
          "type": "text",
          "marks": [
            {
              "type": "code"
            }
          ],
          "text": "https://api.example.com/v1"
        }
      ]
    },
    {
      "type": "heading",
      "attrs": {
        "level": 2
      },
      "content": [
        {
          "type": "text",
          "text": "FAQ: What's new?"
        }
      ]
    },
    {
      "type": "paragraph",
      "content": [
        {
          "type": "text",
          "text": "Version 2 adds batch endpoints. See "
        },
        {
          "type": "text",
          "marks": [
            {
              "type": "link",
              "attrs": {
                "href": "#Install-&-Setup-(v2.0)"
              }
            }
          ],
          "text": "Install & Setup"
        },
        {
          "type": "text",
          "text": "."
        }
      ]
    },
    {
      "type": "heading",
      "attrs": {
        "level": 2
      },
      "content": [
        {
          "type": "text",
          "text": "Endpoints"
        }
      ]
    },
    {
      "type": "table",
      "content": [
        {
          "type": "tableRow",
          "content": [
            {
              "type": "tableHeader",
              "content": [
                {
                  "type": "paragraph",
                  "content": [
                    {
                      "type": "text",
                      "text": "Method"
                    }
                  ]
                }
              ]
            },
            {
              "type": "tableHeader",
              "content": [
                {
                  "type": "paragraph",
                  "content": [
                    {
                      "type": "text",
                      "text": "Path"
                    }
                  ]
                }
              ]
            },
            {
              "type": "tableHeader",
              "content": [
                {
                  "type": "paragraph",
                  "content": [
                    {
                      "type": "text",
                      "text": "Description"
                    }
                  ]
                }
              ]
            }
          ]
        },
        {
          "type": "tableRow",
          "content": [
            {
              "type": "tableCell",
              "content": [
                {
                  "type": "paragraph",
                  "content": [
                    {
                      "type": "text",
                      "marks": [
                        {
                          "type": "code"
                        }
                      ],
                      "text": "GET"
                    }
                  ]
                }
              ]
            },
            {
              "type": "tableCell",
              "content": [
                {
                  "type": "paragraph",
                  "content": [
                    {
                      "type": "text",
                      "marks": [
                        {
                          "type": "code"
                        }
                      ],
                      "text": "/events/{id}"
                    }
                  ]
                }
              ]
            },
            {
              "type": "tableCell",
              "content": [
                {
                  "type": "paragraph",
                  "content": [
                    {
                      "type": "text",
                      "text": "Fetch a single event"
                    }
                  ]
                }
              ]
            }
          ]
        },
        {
          "type": "tableRow",
          "content": [
            {
              "type": "tableCell",
              "content": [
                {
                  "type": "paragraph",
                  "content": [
                    {
                      "type": "text",
                      "marks": [
                        {
                          "type": "code"
                        }
                      ],
                      "text": "POST"
                    }
                  ]
                }
              ]
            },
            {
              "type": "tableCell",
              "content": [
                {
                  "type": "paragraph",
                  "content": [
                    {
                      "type": "text",
                      "marks": [
                        {
                          "type": "code"
                        }
                      ],
                      "text": "/events"
                    }
                  ]
                }
              ]
            },
            {
              "type": "tableCell",
              "content": [
                {
                  "type": "paragraph",
                  "content": [
                    {
                      "type": "text",
                      "text": "Create events (max 500 per batch)"
                    }
                  ]
                }
              ]
            }
          ]
        },
        {
          "type": "tableRow",
          "content": [
            {
              "type": "tableCell",
              "content": [
                {
                  "type": "paragraph",
                  "content": [
                    {
                      "type": "text",
                      "marks": [
                        {
                          "type": "code"
                        }
                      ],
                      "text": "GET"
                    }
                  ]
                }
              ]
            },
            {
              "type": "tableCell",
              "content": [
                {
                  "type": "paragraph",
                  "content": [
                    {
                      "type": "text",
                      "marks": [
                        {
                          "type": "code"
                        }
                      ],
                      "text": "/events?filter=a|b"
                    }
                  ]
                }
              ]
            },
            {
              "type": "tableCell",
              "content": [
                {
                  "type": "paragraph",
                  "content": [
                    {
                      "type": "text",
                      "text": "Filter with "
                    },
                    {
                      "type": "text",
                      "marks": [
                        {
                          "type": "code"
                        }
                      ],
                      "text": "a|b"
                    },
                    {
                      "type": "text",
                      "text": " (OR)"
                    }
                  ]
                }
              ]
            }
          ]
        },
        {
          "type": "tableRow",
          "content": [
            {
              "type": "tableCell",
              "content": [
                {
                  "type": "paragraph",
                  "content": [
                    {
                      "type": "text",
                      "marks": [
                        {
                          "type": "code"
                        }
                      ],
                      "text": "DELETE"
                    }
                  ]
                }
              ]
            },
            {
              "type": "tableCell",
              "content": [
                {
                  "type": "paragraph",
                  "content": [
                    {
                      "type": "text",
                      "marks": [
                        {
                          "type": "code"
                        }
                      ],
                      "text": "/events/{id}"
                    }
                  ]
                }
              ]
            },
            {
              "type": "tableCell",
              "content": [
                {
                  "type": "paragraph",
                  "content": [
                    {
                      "type": "text",
                      "text": "Soft-delete; see notes below"
                    }
                  ]
                }
              ]
            }
          ]
        }
      ]
    },
    {
      "type": "heading",
      "attrs": {
        "level": 3
      },
      "content": [
        {
          "type": "text",
          "text": "Filter syntax"
        }
      ]
    },
    {
      "type": "table",
      "content": [
        {
          "type": "tableRow",
          "content": [
            {
              "type": "tableHeader",
              "content": [
                {
                  "type": "paragraph",
                  "content": [
                    {
                      "type": "text",
                      "text": "Operator"
                    }
                  ]
                }
              ]
            },
            {
              "type": "tableHeader",
              "content": [
                {
                  "type": "paragraph",
                  "content": [
                    {
                      "type": "text",
                      "text": "Example"
                    }
                  ],
                  "marks": [
                    {
                      "type": "alignment",
                      "attrs": {
                        "align": "center"
                      }
                    }
                  ]
                }
              ]
            },
            {
              "type": "tableHeader",
              "content": [
                {
                  "type": "paragraph",
                  "content": [
                    {
                      "type": "text",
                      "text": "Meaning"
                    }
                  ],
                  "marks": [
                    {
                      "type": "alignment",
                      "attrs": {
                        "align": "end"
                      }
                    }
                  ]
                }
              ]
            }
          ]
        },
        {
          "type": "tableRow",
          "content": [
            {
              "type": "tableCell",
              "content": [
                {
                  "type": "paragraph",
                  "content": [
                    {
                      "type": "text",
                      "marks": [
                        {
                          "type": "code"
                        }
                      ],
                      "text": "|"
                    }
                  ]
                }
              ]
            },
            {
              "type": "tableCell",
              "content": [
                {
                  "type": "paragraph",
                  "content": [
                    {
                      "type": "text",
                      "marks": [
                        {
                          "type": "code"
                        }
                      ],
                      "text": "type:a|type:b"
                    }
                  ],
                  "marks": [
                    {
                      "type": "alignment",
                      "attrs": {
                        "align": "center"
                      }
                    }
                  ]
                }
              ]
            },
            {
              "type": "tableCell",
              "content": [
                {
                  "type": "paragraph",
                  "content": [
                    {
                      "type": "text",
                      "text": "OR"
                    }
                  ],
                  "marks": [
                    {
                      "type": "alignment",
                      "attrs": {
                        "align": "end"
                      }
                    }
                  ]
                }
              ]
            }
          ]
        },
        {
          "type": "tableRow",
          "content": [
            {
              "type": "tableCell",
              "content": [
                {
                  "type": "paragraph",
                  "content": [
                    {
                      "type": "text",
                      "marks": [
                        {
                          "type": "code"
                        }
                      ],
                      "text": "&"
                    }
                  ]
                }
              ]
            },
            {
              "type": "tableCell",
              "content": [
                {
                  "type": "paragraph",
                  "content": [
                    {
                      "type": "text",
                      "marks": [
                        {
                          "type": "code"
                        }
                      ],
                      "text": "type:a&status:ok"
                    }
                  ],
                  "marks": [
                    {
                      "type": "alignment",
                      "attrs": {
                        "align": "center"
                      }
                    }
                  ]
                }
              ]
            },
            {
              "type": "tableCell",
              "content": [
                {
                  "type": "paragraph",
                  "content": [
                    {
                      "type": "text",
                      "text": "AND"
                    }
                  ],
                  "marks": [
                    {
                      "type": "alignment",
                      "attrs": {
                        "align": "end"
                      }
                    }
                  ]
                }
              ]
            }
          ]
        },
        {
          "type": "tableRow",
          "content": [
            {
              "type": "tableCell",
              "content": [
                {
                  "type": "paragraph",
                  "content": [
                    {
                      "type": "text",
                      "marks": [
                        {
                          "type": "code"
                        }
                      ],
                      "text": "!"
                    }
                  ]
                }
              ]
            },
            {
              "type": "tableCell",
              "content": [
                {
                  "type": "paragraph",
                  "content": [
                    {
                      "type": "text",
                      "marks": [
                        {
                          "type": "code"
                        }
                      ],
                      "text": "!status:failed"
                    }
                  ],
                  "marks": [
                    {
                      "type": "alignment",
                      "attrs": {
                        "align": "center"
                      }
                    }
                  ]
                }
              ]
            },
            {
              "type": "tableCell",
              "content": [
                {
                  "type": "paragraph",
                  "content": [
                    {
                      "type": "text",
                      "text": "NOT"
                    }
                  ],
                  "marks": [
                    {
                      "type": "alignment",
                      "attrs": {
                        "align": "end"
                      }
                    }
                  ]
                }
              ]
            }
          ]
        }
      ]
    },
    {
      "type": "heading",
      "attrs": {
        "level": 2
      },
      "content": [
        {
          "type": "text",
          "text": "Errors"
        }
      ]
    },
    {
      "type": "table",
      "content": [
        {
          "type": "tableRow",
          "content": [
            {
              "type": "tableHeader",
              "content": [
                {
                  "type": "paragraph",
                  "content": [
                    {
                      "type": "text",
                      "text": "Code"
                    }
                  ]
                }
              ]
            },
            {
              "type": "tableHeader",
              "content": [
                {
                  "type": "paragraph",
                  "content": [
                    {
                      "type": "text",
                      "text": "Name"
                    }
                  ]
                }
              ]
            },
            {
              "type": "tableHeader",
              "content": [
                {
                  "type": "paragraph",
                  "content": [
                    {
                      "type": "text",
                      "text": "Retry?"
                    }
                  ]
                }
              ]
            }
          ]
        },
        {
          "type": "tableRow",
          "content": [
            {
              "type": "tableCell",
              "content": [
                {
                  "type": "paragraph",
                  "content": [
                    {
                      "type": "text",
                      "text": "400"
                    }
                  ]
                }
              ]
            },
            {
              "type": "tableCell",
              "content": [
                {
                  "type": "paragraph",
                  "content": [
                    {
                      "type": "text",
                      "marks": [
                        {
                          "type": "code"
                        }
                      ],
                      "text": "bad_request"
                    }
                  ]
                }
              ]
            },
            {
              "type": "tableCell",
              "content": [
                {
                  "type": "paragraph",
                  "content": [
                    {
                      "type": "text",
                      "text": "No"
                    }
                  ]
                }
              ]
            }
          ]
        },
        {
          "type": "tableRow",
          "content": [
            {
              "type": "tableCell",
              "content": [
                {
                  "type": "paragraph",
                  "content": [
                    {
                      "type": "text",
                      "text": "429"
                    }
                  ]
                }
              ]
            },
            {
              "type": "tableCell",
              "content": [
                {
                  "type": "paragraph",
                  "content": [
                    {
                      "type": "text",
                      "marks": [
                        {
                          "type": "code"
                        }
                      ],
                      "text": "rate_limited"
                    }
                  ]
                }
              ]
            },
            {
              "type": "tableCell",
              "content": [
                {
                  "type": "paragraph",
                  "content": [
                    {
                      "type": "text",
                      "text": "Yes, after "
                    },
                    {
                      "type": "text",
                      "marks": [
                        {
                          "type": "code"
                        }
                      ],
                      "text": "Retry-After"
                    }
                  ]
                }
              ]
            }
          ]
        },
        {
          "type": "tableRow",
          "content": [
            {
              "type": "tableCell",
              "content": [
                {
                  "type": "paragraph",
                  "content": [
                    {
                      "type": "text",
                      "text": "503"
                    }
                  ]
                }
              ]
            },
            {
              "type": "tableCell",
              "content": [
                {
                  "type": "paragraph",
                  "content": [
                    {
                      "type": "text",
                      "marks": [
                        {
                          "type": "code"
                        }
                      ],
                      "text": "unavailable"
                    }
                  ]
                }
              ]
            },
            {
              "type": "tableCell",
              "content": [
                {
                  "type": "paragraph",
                  "content": [
                    {
                      "type": "text",
                      "text": "Yes, with "
                    },
                    {
                      "type": "text",
                      "marks": [
                        {
                          "type": "strong"
                        }
                      ],
                      "text": "exponential"
                    },
                    {
                      "type": "text",
                      "text": " backoff"
                    }
                  ]
                }
              ]
            }
          ]
        }
      ]
    },
    {
      "type": "heading",
      "attrs": {
        "level": 2
      },
      "content": [
        {
          "type": "text",
          "text": "Example"
        }
      ]
    },
    {
      "type": "codeBlock",
      "attrs": {
        "language": "json"
      },
      "content": [
        {
          "type": "text",
          "text": "{\n  \"id\": \"evt_123\",\n  \"type\": \"order.created\",\n  \"payload\": { \"order_id\": 42, \"total\": \"19.99\" }\n}"
        }
      ]
    },
    {
      "type": "codeBlock",
      "attrs": {
        "language": "http"
      },
      "content": [
        {
          "type": "text",
          "text": "POST /v1/events HTTP/1.1\nContent-Type: application/json"
        }
      ]
    },
    {
      "type": "heading",
      "attrs": {
        "level": 2
      },
      "content": [
        {
          "type": "text",
          "text": "Duplicate"
        }
      ]
    },
    {
      "type": "paragraph",
      "content": [
        {
          "type": "text",
          "text": "First section with this heading."
        }
      ]
    },
    {
      "type": "heading",
      "attrs": {
        "level": 2
      },
      "content": [
        {
          "type": "text",
          "text": "Duplicate"
        }
      ]
    },
    {
      "type": "paragraph",
      "content": [
        {
          "type": "text",
          "text": "Second section with the same heading; GitHub anchors it as "
        },
        {
          "type": "text",
          "marks": [
            {
              "type": "code"
            }
          ],
          "text": "#duplicate-1"
        },
        {
          "type": "text",
          "text": ", Confluence as "
        },
        {
          "type": "text",
          "marks": [
            {
              "type": "code"
            }
          ],
          "text": "#Duplicate.1"
        },
        {
          "type": "text",
          "text": "."
        }
      ]
    },
    {
      "type": "heading",
      "attrs": {
        "level": 2
      },
      "content": [
        {
          "type": "text",
          "text": "Extra   spaces"
        }
      ]
    },
    {
      "type": "paragraph",
      "content": [
        {
          "type": "text",
          "text": "Heading with repeated spaces."
        }
      ]
    },
    {
      "type": "heading",
      "attrs": {
        "level": 2
      },
      "content": [
        {
          "type": "text",
          "text": "Ünïcode Héading"
        }
      ]
    },
    {
      "type": "paragraph",
      "content": [
        {
          "type": "text",
          "text": "Links: "
        },
        {
          "type": "text",
          "marks": [
            {
              "type": "link",
              "attrs": {
                "href": "#Duplicate"
              }
            }
          ],
          "text": "first duplicate"
        },
        {
          "type": "text",
          "text": ", "
        },
        {
          "type": "text",
          "marks": [
            {
              "type": "link",
              "attrs": {
                "href": "#Duplicate.1"
              }
            }
          ],
          "text": "second duplicate"
        },
        {
          "type": "text",
          "text": ", "
        },
        {
          "type": "text",
          "marks": [
            {
              "type": "link",
              "attrs": {
                "href": "#Ünïcode-Héading"
              }
            }
          ],
          "text": "unicode"
        },
        {
          "type": "text",
          "text": ", "
        },
        {
          "type": "text",
          "marks": [
            {
              "type": "link",
              "attrs": {
                "href": "#FAQ:-What's-new?"
              }
            }
          ],
          "text": "FAQ"
        },
        {
          "type": "text",
          "text": "."
        }
      ]
    }
  ],
  "version": 1
}

diagnostics: []
